test
test1
test1
test1
test1
test1
test1
test1
test1
test1
test2
test2
test2
test2
test2
test2
test2
test2
test2
